/*@jsxRuntime automatic @jsxImportSource react*/
function _createMdxContent(props) {
  const _components = Object.assign(
    {
      pre: "pre",
      code: "code",
      p: "p",
    },
    props.components
  );
  return (
    <>
      <_components.pre>
        <_components.code className="language-ts">
          {'  console.log("Hello world")\n'}
        </_components.code>
      </_components.pre>
      {"\n"}
      <h3>
        <_components.p>{"Output"}</_components.p>
      </h3>
      {"\n"}
      {
        <_components.pre>
          <_components.code>{`Hello world
`}</_components.code>
        </_components.pre>
      }
      {"\n"}
      <a>{"Test"}</a>
    </>
  );
}
function MDXContent(props = {}) {
  const { wrapper: MDXLayout } = props.components || {};
  return MDXLayout ? (
    <MDXLayout {...props}>
      <_createMdxContent {...props} />
    </MDXLayout>
  ) : (
    _createMdxContent(props)
  );
}
export default MDXContent;
