/*@jsxRuntime automatic @jsxImportSource react*/
function _createMdxContent(props) {
  const _components = Object.assign(
    {
      p: "p",
      div: "div",
      pre: "pre",
      code: "code",
    },
    props.components
  );
  return (
    <>
      <_components.p>{"Before Para 2"}</_components.p>
      {"\n"}
      {
        <_components.div className="snippetOutput" snippetId="sn1">
          <_components.pre>
            <_components.code className="hljs language-ts">{`Line 1
`}</_components.code>
          </_components.pre>
        </_components.div>
      }
      {"\n"}
      <_components.p>{"And again"}</_components.p>
      {"\n"}
      {
        <_components.div className="snippetOutput" snippetId="sn1">
          <_components.pre>
            <_components.code className="hljs language-ts">{`Line 1
`}</_components.code>
          </_components.pre>
        </_components.div>
      }
    </>
  );
}
function MDXContent(props = {}) {
  const { wrapper: MDXLayout } = props.components || {};
  return MDXLayout ? (
    <MDXLayout {...props}>
      <_createMdxContent {...props} />
    </MDXLayout>
  ) : (
    _createMdxContent(props)
  );
}
export default MDXContent;
